To honour the JVM settings for this build a single-use Daemon process will be forked. For more on this, please refer to https://docs.gradle.org/8.10/userguide/gradle_daemon.html#sec:disabling_the_daemon in the Gradle documentation.
Daemon will be stopped at the end of the build 
> Task :buildSrc:extractPluginRequests UP-TO-DATE
> Task :buildSrc:generatePluginAdapters UP-TO-DATE
> Task :buildSrc:compileJava UP-TO-DATE
> Task :buildSrc:compileGroovy NO-SOURCE
> Task :buildSrc:compileGroovyPlugins UP-TO-DATE
> Task :buildSrc:pluginDescriptors UP-TO-DATE
> Task :buildSrc:processResources UP-TO-DATE
> Task :buildSrc:classes UP-TO-DATE
> Task :buildSrc:jar UP-TO-DATE

> Configure project :fabric
Fabric Loom: 1.8.13

> Task :common:createMinecraftArtifacts UP-TO-DATE
> Task :common:compileJava UP-TO-DATE
> Task :common:processResources UP-TO-DATE
> Task :common:classes UP-TO-DATE
> Task :common:jarJar NO-SOURCE
> Task :common:jar UP-TO-DATE
> Task :common:sourcesJar UP-TO-DATE
> Task :common:assemble UP-TO-DATE
> Task :common:compileTestJava UP-TO-DATE
> Task :common:processTestResources NO-SOURCE
> Task :common:testClasses UP-TO-DATE
> Task :common:test UP-TO-DATE
> Task :common:check UP-TO-DATE
> Task :common:build UP-TO-DATE
> Task :fabric:compileJava UP-TO-DATE
> Task :fabric:processResources UP-TO-DATE
> Task :fabric:classes UP-TO-DATE
> Task :fabric:jar UP-TO-DATE
> Task :fabric:compileTestJava NO-SOURCE
> Task :fabric:processIncludeJars UP-TO-DATE
> Task :fabric:sourcesJar UP-TO-DATE
> Task :fabric:remapSourcesJar UP-TO-DATE
> Task :fabric:processTestResources NO-SOURCE
> Task :fabric:testClasses UP-TO-DATE
> Task :fabric:test NO-SOURCE
> Task :fabric:validateAccessWidener NO-SOURCE
> Task :fabric:check UP-TO-DATE
> Task :neoforge:createMinecraftArtifacts UP-TO-DATE
> Task :neoforge:compileJava UP-TO-DATE
> Task :neoforge:processResources UP-TO-DATE
> Task :neoforge:classes UP-TO-DATE
> Task :neoforge:jarJar NO-SOURCE
> Task :neoforge:jar UP-TO-DATE
> Task :neoforge:sourcesJar UP-TO-DATE
> Task :neoforge:assemble UP-TO-DATE
> Task :neoforge:compileTestJava NO-SOURCE
> Task :neoforge:processTestResources NO-SOURCE
> Task :neoforge:testClasses UP-TO-DATE
> Task :neoforge:test NO-SOURCE
> Task :neoforge:check UP-TO-DATE
> Task :neoforge:build UP-TO-DATE
> Task :common:generateMetadataFileForMavenJavaPublication
> Task :common:generatePomFileForMavenJavaPublication
> Task :common:publishMavenJavaPublicationToMavenLocal
> Task :common:publishToMavenLocal
> Task :fabric:remapJar
> Task :fabric:assemble
> Task :fabric:build

BUILD SUCCESSFUL in 8s
29 actionable tasks: 4 executed, 25 up-to-date
